yes 
